[Licensing::Module] Trying to connect to existing licensing client channel...
[Licensing::IpcConnector] Successfully connected to: "LicenseClient-zlj10" at "2026-09-24T20:22:01.4407165Z"
[Licensing::Client] Code 10 while verifying Licensing Client signature (process Id: 21500, path: "C:/Program Files/WindowsApps/UnityTechnologies.UnityHub_3.21.3.65535_x64__2vrhnee42bhxm/app/UnityLicensingClient_V1/Unity.Licensing.Client.exe")
[Licensing::Module] LicensingClient has failed validation; ignoring
[Licensing::Client] Handshaking with LicensingClient:
  Version:                 1.18.3+d7ffd15
  Session Id:              f703023b5bc140e6bc41f3bb74467bef
  Correlation Id:          061ae41d0b8b80dac791362d815272c2
  External correlation Id: 660894796059228737
  Machine Id:              7gJxhz8ICutasP4quVJ9EJ3nvB4=
[Licensing::Module] Successfully connected to LicensingClient on channel: "LicenseClient-zlj10" (connect: 0.00s, validation: 0.01s, handshake: 0.03s)
[Licensing::IpcConnector] Successfully connected to: "LicenseClient-zlj10-notifications" at "2026-09-24T20:22:01.480698Z"
[Licensing::Module] Error: Access token is unavailable; failed to update
[Licensing::Client] Successfully updated license
Built from '2022.3/china_unity/release' branch; Version is '2022.3.57f1c2 (32588f90613b) revision 3299471'; Using compiler version '192829333'; Build Type 'Release'
OS: 'Windows 11  (10.0.26200) 64bit CoreCountrySpecific' Language: 'zh' Physical Memory: 32371 MB
[Licensing::Client] Successfully resolved entitlement details
[Licensing::Module] Serial number assigned to: "ewogICJzdWJzR3JvdXAiIDogInVuaXR5IGVkaXRvciIsCiAgIm5hbWVzcGFjZSIgOiAidW5pdHlfZWRpdG9yIiwKICAidHlwZSIgOiAiRURJVE9SIiwKICAidGFnIiA6ICJVbml0eVBlcnNvbmFsXXXX"
BatchMode: 1, IsHumanControllingUs: 0, StartBugReporterOnCrash: 0, Is64bit: 1, IsPro: 0
[Licensing::Client] Successfully resolved entitlement details

COMMAND LINE ARGUMENTS:
C:\Program Files\Unity\2022.3.57f1\Editor\Unity.exe
-batchmode
-quit
-projectPath
D:/zlj_world/VoxelCraft
-executeMethod
VoxelCraft.Editor.ModelSnapshot.Run
-logFile
D:/zlj_world/unity-snapshot.log
Successfully changed project path to: D:/zlj_world/VoxelCraft
D:/zlj_world/VoxelCraft
[UnityMemory] Configuration Parameters - Can be set up in boot.config
    "memorysetup-bucket-allocator-granularity=16"
    "memorysetup-bucket-allocator-bucket-count=8"
    "memorysetup-bucket-allocator-block-size=33554432"
    "memorysetup-bucket-allocator-block-count=8"
    "memorysetup-main-allocator-block-size=16777216"
    "memorysetup-thread-allocator-block-size=16777216"
    "memorysetup-gfx-main-allocator-block-size=16777216"
    "memorysetup-gfx-thread-allocator-block-size=16777216"
    "memorysetup-cache-allocator-block-size=4194304"
    "memorysetup-typetree-allocator-block-size=2097152"
    "memorysetup-profiler-bucket-allocator-granularity=16"
    "memorysetup-profiler-bucket-allocator-bucket-count=8"
    "memorysetup-profiler-bucket-allocator-block-size=33554432"
    "memorysetup-profiler-bucket-allocator-block-count=8"
    "memorysetup-profiler-allocator-block-size=16777216"
    "memorysetup-profiler-editor-allocator-block-size=1048576"
    "memorysetup-temp-allocator-size-main=16777216"
    "memorysetup-job-temp-allocator-block-size=2097152"
    "memorysetup-job-temp-allocator-block-size-background=1048576"
    "memorysetup-job-temp-allocator-reduction-small-platforms=262144"
    "memorysetup-allocator-temp-initial-block-size-main=262144"
    "memorysetup-allocator-temp-initial-block-size-worker=262144"
    "memorysetup-temp-allocator-size-background-worker=32768"
    "memorysetup-temp-allocator-size-job-worker=262144"
    "memorysetup-temp-allocator-size-preload-manager=33554432"
    "memorysetup-temp-allocator-size-nav-mesh-worker=65536"
    "memorysetup-temp-allocator-size-audio-worker=65536"
    "memorysetup-temp-allocator-size-cloud-worker=32768"
    "memorysetup-temp-allocator-size-gi-baking-worker=262144"
    "memorysetup-temp-allocator-size-gfx=262144"
Player connection [21220]  Target information:

Player connection [21220]  * "[IP] 192.168.10.102 [Port] 55504 [Flags] 2 [Guid] 957981919 [EditorId] 957981919 [Version] 1048832 [Id] WindowsEditor(7,JJHOME) [Debug] 1 [PackageName] WindowsEditor [ProjectName] Editor" 

Player connection [21220] Host joined multi-casting on [225.0.0.222:54997]...
Player connection [21220] Host joined alternative multi-casting on [225.0.0.222:34997]...
Input System module state changed to: Initialized.
[PhysX] Initialized MultithreadedTaskDispatcher with 8 workers.
[Package Manager] UpmClient::Connect -- Connected to IPC stream "Upm-19540" after 0.3 seconds.
[Package Manager] Restoring resolved packages state from cache
[Licensing::Client] Successfully resolved entitlement details
[Package Manager] Registered 51 packages:
  Packages from [https://packages.unity.cn]:
    com.unity.ads@4.4.2 (location: D:\zlj_world\VoxelCraft\Library\PackageCache\com.unity.ads@4.4.2)
    com.unity.ai.navigation@1.1.5 (location: D:\zlj_world\VoxelCraft\Library\PackageCache\com.unity.ai.navigation@1.1.5)
    com.unity.analytics@3.8.1 (location: D:\zlj_world\VoxelCraft\Library\PackageCache\com.unity.analytics@3.8.1)
    com.unity.collab-proxy@2.6.0 (location: D:\zlj_world\VoxelCraft\Library\PackageCache\com.unity.collab-proxy@2.6.0)
    com.unity.ide.rider@3.0.34 (location: D:\zlj_world\VoxelCraft\Library\PackageCache\com.unity.ide.rider@3.0.34)
    com.unity.ide.visualstudio@2.0.22 (location: D:\zlj_world\VoxelCraft\Library\PackageCache\com.unity.ide.visualstudio@2.0.22)
    com.unity.ide.vscode@1.2.5 (location: D:\zlj_world\VoxelCraft\Library\PackageCache\com.unity.ide.vscode@1.2.5)
    com.unity.purchasing@4.11.0 (location: D:\zlj_world\VoxelCraft\Library\PackageCache\com.unity.purchasing@4.11.0)
    com.unity.test-framework@1.1.33 (location: D:\zlj_world\VoxelCraft\Library\PackageCache\com.unity.test-framework@1.1.33)
    com.unity.textmeshpro@3.0.7 (location: D:\zlj_world\VoxelCraft\Library\PackageCache\com.unity.textmeshpro@3.0.7)
    com.unity.timeline@1.7.6 (location: D:\zlj_world\VoxelCraft\Library\PackageCache\com.unity.timeline@1.7.6)
    com.unity.xr.legacyinputhelpers@2.1.11 (location: D:\zlj_world\VoxelCraft\Library\PackageCache\com.unity.xr.legacyinputhelpers@2.1.11)
    com.unity.ext.nunit@1.0.6 (location: D:\zlj_world\VoxelCraft\Library\PackageCache\com.unity.ext.nunit@1.0.6)
    com.unity.services.core@1.14.0 (location: D:\zlj_world\VoxelCraft\Library\PackageCache\com.unity.services.core@1.14.0)
    com.unity.services.analytics@6.0.2 (location: D:\zlj_world\VoxelCraft\Library\PackageCache\com.unity.services.analytics@6.0.2)
    com.unity.nuget.newtonsoft-json@3.2.1 (location: D:\zlj_world\VoxelCraft\Library\PackageCache\com.unity.nuget.newtonsoft-json@3.2.1)
  Built-in packages:
    com.unity.2d.sprite@1.0.0 (location: D:\zlj_world\VoxelCraft\Library\PackageCache\com.unity.2d.sprite@1.0.0)
    com.unity.2d.tilemap@1.0.0 (location: D:\zlj_world\VoxelCraft\Library\PackageCache\com.unity.2d.tilemap@1.0.0)
    com.unity.ugui@1.0.0 (location: D:\zlj_world\VoxelCraft\Library\PackageCache\com.unity.ugui@1.0.0)
    com.unity.modules.ai@1.0.0 (location: D:\zlj_world\VoxelCraft\Library\PackageCache\com.unity.modules.ai@1.0.0)
    com.unity.modules.androidjni@1.0.0 (location: D:\zlj_world\VoxelCraft\Library\PackageCache\com.unity.modules.androidjni@1.0.0)
    com.unity.modules.animation@1.0.0 (location: D:\zlj_world\VoxelCraft\Library\PackageCache\com.unity.modules.animation@1.0.0)
    com.unity.modules.assetbundle@1.0.0 (location: D:\zlj_world\VoxelCraft\Library\PackageCache\com.unity.modules.assetbundle@1.0.0)
    com.unity.modules.audio@1.0.0 (location: D:\zlj_world\VoxelCraft\Library\PackageCache\com.unity.modules.audio@1.0.0)
    com.unity.modules.cloth@1.0.0 (location: D:\zlj_world\VoxelCraft\Library\PackageCache\com.unity.modules.cloth@1.0.0)
    com.unity.modules.director@1.0.0 (location: D:\zlj_world\VoxelCraft\Library\PackageCache\com.unity.modules.director@1.0.0)
    com.unity.modules.imageconversion@1.0.0 (location: D:\zlj_world\VoxelCraft\Library\PackageCache\com.unity.modules.imageconversion@1.0.0)
    com.unity.modules.imgui@1.0.0 (location: D:\zlj_world\VoxelCraft\Library\PackageCache\com.unity.modules.imgui@1.0.0)
    com.unity.modules.jsonserialize@1.0.0 (location: D:\zlj_world\VoxelCraft\Library\PackageCache\com.unity.modules.jsonserialize@1.0.0)
    com.unity.modules.particlesystem@1.0.0 (location: D:\zlj_world\VoxelCraft\Library\PackageCache\com.unity.modules.particlesystem@1.0.0)
    com.unity.modules.physics@1.0.0 (location: D:\zlj_world\VoxelCraft\Library\PackageCache\com.unity.modules.physics@1.0.0)
    com.unity.modules.physics2d@1.0.0 (location: D:\zlj_world\VoxelCraft\Library\PackageCache\com.unity.modules.physics2d@1.0.0)
    com.unity.modules.screencapture@1.0.0 (location: D:\zlj_world\VoxelCraft\Library\PackageCache\com.unity.modules.screencapture@1.0.0)
    com.unity.modules.terrain@1.0.0 (location: D:\zlj_world\VoxelCraft\Library\PackageCache\com.unity.modules.terrain@1.0.0)
    com.unity.modules.terrainphysics@1.0.0 (location: D:\zlj_world\VoxelCraft\Library\PackageCache\com.unity.modules.terrainphysics@1.0.0)
    com.unity.modules.tilemap@1.0.0 (location: D:\zlj_world\VoxelCraft\Library\PackageCache\com.unity.modules.tilemap@1.0.0)
    com.unity.modules.ui@1.0.0 (location: D:\zlj_world\VoxelCraft\Library\PackageCache\com.unity.modules.ui@1.0.0)
    com.unity.modules.uielements@1.0.0 (location: D:\zlj_world\VoxelCraft\Library\PackageCache\com.unity.modules.uielements@1.0.0)
    com.unity.modules.umbra@1.0.0 (location: D:\zlj_world\VoxelCraft\Library\PackageCache\com.unity.modules.umbra@1.0.0)
    com.unity.modules.unityanalytics@1.0.0 (location: D:\zlj_world\VoxelCraft\Library\PackageCache\com.unity.modules.unityanalytics@1.0.0)
    com.unity.modules.unitywebrequest@1.0.0 (location: D:\zlj_world\VoxelCraft\Library\PackageCache\com.unity.modules.unitywebrequest@1.0.0)
    com.unity.modules.unitywebrequestassetbundle@1.0.0 (location: D:\zlj_world\VoxelCraft\Library\PackageCache\com.unity.modules.unitywebrequestassetbundle@1.0.0)
    com.unity.modules.unitywebrequestaudio@1.0.0 (location: D:\zlj_world\VoxelCraft\Library\PackageCache\com.unity.modules.unitywebrequestaudio@1.0.0)
    com.unity.modules.unitywebrequesttexture@1.0.0 (location: D:\zlj_world\VoxelCraft\Library\PackageCache\com.unity.modules.unitywebrequesttexture@1.0.0)
    com.unity.modules.unitywebrequestwww@1.0.0 (location: D:\zlj_world\VoxelCraft\Library\PackageCache\com.unity.modules.unitywebrequestwww@1.0.0)
    com.unity.modules.vehicles@1.0.0 (location: D:\zlj_world\VoxelCraft\Library\PackageCache\com.unity.modules.vehicles@1.0.0)
    com.unity.modules.video@1.0.0 (location: D:\zlj_world\VoxelCraft\Library\PackageCache\com.unity.modules.video@1.0.0)
    com.unity.modules.vr@1.0.0 (location: D:\zlj_world\VoxelCraft\Library\PackageCache\com.unity.modules.vr@1.0.0)
    com.unity.modules.wind@1.0.0 (location: D:\zlj_world\VoxelCraft\Library\PackageCache\com.unity.modules.wind@1.0.0)
    com.unity.modules.xr@1.0.0 (location: D:\zlj_world\VoxelCraft\Library\PackageCache\com.unity.modules.xr@1.0.0)
    com.unity.modules.subsystems@1.0.0 (location: D:\zlj_world\VoxelCraft\Library\PackageCache\com.unity.modules.subsystems@1.0.0)
[Subsystems] No new subsystems found in resolved package list.
Package Manager log level set to [2]
[Package Manager] Done registering packages in 0.10 seconds
Artifact Garbage Collection - Removed 1 unused hashed content files
Refreshing native plugins compatible for Editor in 6.63 ms, found 2 plugins.
Preloading 0 native plugins for Editor in 0.00 ms.
Initialize engine version: 2022.3.57f1c2 (32588f90613b)
[Subsystems] Discovering subsystems at path C:/Program Files/Unity/2022.3.57f1/Editor/Data/Resources/UnitySubsystems
[Subsystems] Discovering subsystems at path D:/zlj_world/VoxelCraft/Assets
GfxDevice: creating device client; threaded=0; jobified=0
Direct3D:
    Version:  Direct3D 11.0 [level 11.1]
    Renderer: Intel(R) Arc(TM) 130V GPU (16GB) (ID=0x64a0)
    Vendor:   Intel
    VRAM:     18451 MB
    Driver:   32.0.101.6987
[Licensing::Client] Successfully resolved entitlement details
Initialize mono
Mono path[0] = 'C:/Program Files/Unity/2022.3.57f1/Editor/Data/Managed'
Mono path[1] = 'C:/Program Files/Unity/2022.3.57f1/Editor/Data/MonoBleedingEdge/lib/mono/unityjit-win32'
Mono config path = 'C:/Program Files/Unity/2022.3.57f1/Editor/Data/MonoBleedingEdge/etc'
Using monoOptions --debugger-agent=transport=dt_socket,embedding=1,server=y,suspend=n,address=127.0.0.1:56540
Using cacheserver namespaces - metadata:defaultmetadata, artifacts:defaultartifacts
Using cacheserver namespaces - metadata:defaultmetadata, artifacts:defaultartifacts
ImportWorker Server TCP listen port: 0
Begin MonoManager ReloadAssembly
Registering precompiled unity dll's ...
Register platform support module: C:/Program Files/Unity/2022.3.57f1/Editor/Data/PlaybackEngines/WindowsStandaloneSupport/UnityEditor.WindowsStandalone.Extensions.dll
Registered in 0.012909 seconds.
- Loaded All Assemblies, in  0.529 seconds
Native extension for WindowsStandalone target not found
Mono: successfully reloaded assembly
- Finished resetting the current domain, in  0.534 seconds
Domain Reload Profiling: 1060ms
	BeginReloadAssembly (87ms)
		ExecutionOrderSort (0ms)
		DisableScriptedObjects (0ms)
		BackupInstance (0ms)
		ReleaseScriptingObjects (0ms)
		CreateAndSetChildDomain (1ms)
	RebuildCommonClasses (27ms)
	RebuildNativeTypeToScriptingClass (21ms)
	initialDomainReloadingComplete (128ms)
	LoadAllAssembliesAndSetupDomain (263ms)
		LoadAssemblies (86ms)
		RebuildTransferFunctionScriptingTraits (0ms)
		AnalyzeDomain (260ms)
			TypeCache.Refresh (256ms)
				TypeCache.ScanAssembly (232ms)
			ScanForSourceGeneratedMonoScriptInfo (1ms)
			ResolveRequiredComponents (1ms)
	FinalizeReload (535ms)
		ReleaseScriptCaches (0ms)
		RebuildScriptCaches (0ms)
		SetupLoadedEditorAssemblies (447ms)
			LogAssemblyErrors (0ms)
			InitializePlatformSupportModulesInManaged (21ms)
			SetLoadedEditorAssemblies (19ms)
			RefreshPlugins (0ms)
			BeforeProcessingInitializeOnLoad (4ms)
			ProcessInitializeOnLoadAttributes (310ms)
			ProcessInitializeOnLoadMethodAttributes (94ms)
			AfterProcessingInitializeOnLoad (0ms)
			EditorAssembliesLoaded (0ms)
		ExecutionOrderSort2 (0ms)
		AwakeInstancesAfterBackupRestoration (0ms)
[Licensing::Client] Successfully resolved entitlement details
Application.AssetDatabase Initial Refresh Start
info: Microsoft.Hosting.Lifetime[14]
      Now listening on: http://localhost:80
info: Microsoft.Hosting.Lifetime[0]
      Application started. Press Ctrl+C to shut down.
info: Microsoft.Hosting.Lifetime[0]
      Hosting environment: Production
info: Microsoft.Hosting.Lifetime[0]
      Content root path: D:\zlj_world\VoxelCraft\
info: Microsoft.AspNetCore.Hosting.Diagnostics[1]
      Request starting HTTP/2 POST http://ilpp/UnityILPP.PostProcessing/Ping application/grpc -
info: Microsoft.AspNetCore.Routing.EndpointMiddleware[0]
      Executing endpoint 'gRPC - /UnityILPP.PostProcessing/Ping'
info: Microsoft.AspNetCore.Routing.EndpointMiddleware[1]
      Executed endpoint 'gRPC - /UnityILPP.PostProcessing/Ping'
info: Microsoft.AspNetCore.Hosting.Diagnostics[2]
      Request finished HTTP/2 POST http://ilpp/UnityILPP.PostProcessing/Ping application/grpc - - 200 - application/grpc 39.7614ms
Starting: C:\Program Files\Unity\2022.3.57f1\Editor\Data\bee_backend.exe --dont-print-to-structured-log --ipc --defer-dag-verification --dagfile="Library/Bee/1900b0aE.dag" --continue-on-failure --profile="Library/Bee/backend1.traceevents" ScriptAssemblies
WorkingDir: D:/zlj_world/VoxelCraft
DisplayProgressbar: Compiling Scripts
ExitCode: 0 Duration: 0s297ms
*** Tundra build success (0.25 seconds), 0 items updated, 625 evaluated
AssetDatabase: script compilation time: 0.956819s
Begin MonoManager ReloadAssembly
Total cache size 9741676
Total cache size after purge 9741676
Symbol file LoadedFromMemory is not a mono symbol file
- Loaded All Assemblies, in  1.221 seconds
Refreshing native plugins compatible for Editor in 12.31 ms, found 2 plugins.
Preloading 0 native plugins for Editor in 0.00 ms.
Refreshing native plugins compatible for Editor in 21.41 ms, found 2 plugins.
Native extension for WindowsStandalone target not found
Mono: successfully reloaded assembly
- Finished resetting the current domain, in  8.468 seconds
Domain Reload Profiling: 9684ms
	BeginReloadAssembly (285ms)
		ExecutionOrderSort (0ms)
		DisableScriptedObjects (9ms)
		BackupInstance (0ms)
		ReleaseScriptingObjects (0ms)
		CreateAndSetChildDomain (40ms)
	RebuildCommonClasses (82ms)
	RebuildNativeTypeToScriptingClass (19ms)
	initialDomainReloadingComplete (62ms)
	LoadAllAssembliesAndSetupDomain (766ms)
		LoadAssemblies (645ms)
		RebuildTransferFunctionScriptingTraits (0ms)
		AnalyzeDomain (297ms)
			TypeCache.Refresh (252ms)
				TypeCache.ScanAssembly (197ms)
			ScanForSourceGeneratedMonoScriptInfo (38ms)
			ResolveRequiredComponents (5ms)
	FinalizeReload (8469ms)
		ReleaseScriptCaches (0ms)
		RebuildScriptCaches (0ms)
		SetupLoadedEditorAssemblies (4866ms)
			LogAssemblyErrors (0ms)
			InitializePlatformSupportModulesInManaged (34ms)
			SetLoadedEditorAssemblies (15ms)
			RefreshPlugins (0ms)
			BeforeProcessingInitializeOnLoad (784ms)
			ProcessInitializeOnLoadAttributes (3139ms)
			ProcessInitializeOnLoadMethodAttributes (880ms)
			AfterProcessingInitializeOnLoad (14ms)
			EditorAssembliesLoaded (1ms)
		ExecutionOrderSort2 (0ms)
		AwakeInstancesAfterBackupRestoration (13ms)
Asset Pipeline Refresh (id=98bde207435c970419253d3fd62402c7): Total: 14.083 seconds - Initiated by InitialRefreshV2(ForceSynchronousImport)
	Summary:
		Imports: total=0 (actual=0, local cache=0, cache server=0)
		Asset DB Process Time: managed=0 ms, native=2786 ms
		Asset DB Callback time: managed=22 ms, native=1 ms
		Scripting: domain reloads=1, domain reload time=10263 ms, compile time=957 ms, other=52 ms
		Project Asset Count: scripts=3286, non-scripts=956
		Asset File Changes: new=0, changed=0, moved=0, deleted=0
		Scan Filter Count: 0
	InvokeBeforeRefreshCallbacks: 1.423ms
	ApplyChangesToAssetFolders: 0.112ms
	Scan: 103.772ms
	OnSourceAssetsModified: 0.003ms
	GetAllGuidsForCategorization: 1.141ms
	CategorizeAssets: 124.035ms
	ImportOutOfDateAssets: 9021.761ms (8017.695ms without children)
		CompileScripts: 957.008ms
		ReloadNativeAssets: 0.001ms
		UnloadImportedAssets: 42.365ms
		EnsureUptoDateAssetsAreRegisteredWithGuidPM: 2.985ms
		InitializingProgressBar: 0.002ms
		PostProcessAllAssetNotificationsAddChangedAssets: 0.002ms
		OnDemandSchedulerStart: 1.702ms
	PostProcessAllAssets: 22.130ms
	GatherAllCurrentPrimaryArtifactRevisions: 0.001ms
	UnloadStreamsBegin: 0.509ms
	PersistCurrentRevisions: 0.335ms
	UnloadStreamsEnd: 0.052ms
	GenerateScriptTypeHashes: 3.048ms
	Untracked: 4807.757ms
Application.AssetDatabase Initial Refresh End
Launched and connected shader compiler UnityShaderCompiler.exe after 0.04 seconds
Scanning for USB devices : 3.848ms
Initializing Unity extensions:
[Licensing::Client] Successfully resolved entitlement details
[MODES] ModeService[none].Initialize
[MODES] ModeService[none].LoadModes
[MODES] Loading mode Default (0) for mode-current-id-VoxelCraft
[PhysX] Initialized MultithreadedTaskDispatcher with 8 workers.
ProgressiveSceneManager::Cancel()
Unloading 3 Unused Serialized files (Serialized files now loaded: 0)
Unloading 77 unused Assets / (493.3 KB). Loaded Objects now: 3045.
Memory consumption went from 108.7 MB to 108.2 MB.
Total: 12.713100 ms (FindLiveObjects: 0.314700 ms CreateObjectMapping: 0.142200 ms MarkObjects: 11.746200 ms  DeleteObjects: 0.506900 ms)

MODEL SLOT pig: pos=(0.00,0.00,0.00) yaw=210
UnityEngine.StackTraceUtility:ExtractStackTrace ()
UnityEngine.DebugLogHandler:LogFormat (UnityEngine.LogType,UnityEngine.Object,string,object[])
UnityEngine.Logger:Log (UnityEngine.LogType,object)
UnityEngine.Debug:Log (object)
VoxelCraft.Editor.ModelSnapshot:Run () (at Assets/Editor/ModelSnapshot.cs:58)

(Filename: Assets/Editor/ModelSnapshot.cs Line: 58)

MODEL SLOT cow: pos=(1.70,0.00,0.00) yaw=210
UnityEngine.StackTraceUtility:ExtractStackTrace ()
UnityEngine.DebugLogHandler:LogFormat (UnityEngine.LogType,UnityEngine.Object,string,object[])
UnityEngine.Logger:Log (UnityEngine.LogType,object)
UnityEngine.Debug:Log (object)
VoxelCraft.Editor.ModelSnapshot:Run () (at Assets/Editor/ModelSnapshot.cs:58)

(Filename: Assets/Editor/ModelSnapshot.cs Line: 58)

MODEL SLOT sheep: pos=(3.40,0.00,0.00) yaw=210
UnityEngine.StackTraceUtility:ExtractStackTrace ()
UnityEngine.DebugLogHandler:LogFormat (UnityEngine.LogType,UnityEngine.Object,string,object[])
UnityEngine.Logger:Log (UnityEngine.LogType,object)
UnityEngine.Debug:Log (object)
VoxelCraft.Editor.ModelSnapshot:Run () (at Assets/Editor/ModelSnapshot.cs:58)

(Filename: Assets/Editor/ModelSnapshot.cs Line: 58)

MODEL SLOT chicken: pos=(4.60,0.00,0.00) yaw=210
UnityEngine.StackTraceUtility:ExtractStackTrace ()
UnityEngine.DebugLogHandler:LogFormat (UnityEngine.LogType,UnityEngine.Object,string,object[])
UnityEngine.Logger:Log (UnityEngine.LogType,object)
UnityEngine.Debug:Log (object)
VoxelCraft.Editor.ModelSnapshot:Run () (at Assets/Editor/ModelSnapshot.cs:58)

(Filename: Assets/Editor/ModelSnapshot.cs Line: 58)

MODEL SLOT Player: pos=(6.30,0.00,0.00) yaw=210
UnityEngine.StackTraceUtility:ExtractStackTrace ()
UnityEngine.DebugLogHandler:LogFormat (UnityEngine.LogType,UnityEngine.Object,string,object[])
UnityEngine.Logger:Log (UnityEngine.LogType,object)
UnityEngine.Debug:Log (object)
VoxelCraft.Editor.ModelSnapshot:Run () (at Assets/Editor/ModelSnapshot.cs:58)

(Filename: Assets/Editor/ModelSnapshot.cs Line: 58)

SHOT snapshot_all_front.png: requested pos=(3.10,1.50,-6.50) matrixPos=(-3.10,-0.69,-6.63) fwd=(0.00, -0.12, 0.99)
UnityEngine.StackTraceUtility:ExtractStackTrace ()
UnityEngine.DebugLogHandler:LogFormat (UnityEngine.LogType,UnityEngine.Object,string,object[])
UnityEngine.Logger:Log (UnityEngine.LogType,object)
UnityEngine.Debug:Log (object)
VoxelCraft.Editor.ModelSnapshot:Shot (UnityEngine.GameObject,UnityEngine.Camera,UnityEngine.Vector3,UnityEngine.Vector3,string) (at Assets/Editor/ModelSnapshot.cs:110)
VoxelCraft.Editor.ModelSnapshot:Run () (at Assets/Editor/ModelSnapshot.cs:59)

(Filename: Assets/Editor/ModelSnapshot.cs Line: 110)

Destroy may not be called from edit mode! Use DestroyImmediate instead.
Destroying an object in edit mode destroys it permanently.
UnityEngine.StackTraceUtility:ExtractStackTrace ()
UnityEngine.Object:Destroy (UnityEngine.Object)
VoxelCraft.Editor.ModelSnapshot:Shot (UnityEngine.GameObject,UnityEngine.Camera,UnityEngine.Vector3,UnityEngine.Vector3,string) (at Assets/Editor/ModelSnapshot.cs:124)
VoxelCraft.Editor.ModelSnapshot:Run () (at Assets/Editor/ModelSnapshot.cs:59)

[Assets/Editor/ModelSnapshot.cs line 59]

SNAPSHOT WROTE D:\zlj world\_logs\snapshot_all_front.png
UnityEngine.StackTraceUtility:ExtractStackTrace ()
UnityEngine.DebugLogHandler:LogFormat (UnityEngine.LogType,UnityEngine.Object,string,object[])
UnityEngine.Logger:Log (UnityEngine.LogType,object)
UnityEngine.Debug:Log (object)
VoxelCraft.Editor.ModelSnapshot:Shot (UnityEngine.GameObject,UnityEngine.Camera,UnityEngine.Vector3,UnityEngine.Vector3,string) (at Assets/Editor/ModelSnapshot.cs:125)
VoxelCraft.Editor.ModelSnapshot:Run () (at Assets/Editor/ModelSnapshot.cs:59)

(Filename: Assets/Editor/ModelSnapshot.cs Line: 125)

SHOT snapshot_all_threequarter.png: requested pos=(-0.60,2.40,-4.60) matrixPos=(-2.42,-1.23,-4.46) fwd=(0.60, -0.27, 0.75)
UnityEngine.StackTraceUtility:ExtractStackTrace ()
UnityEngine.DebugLogHandler:LogFormat (UnityEngine.LogType,UnityEngine.Object,string,object[])
UnityEngine.Logger:Log (UnityEngine.LogType,object)
UnityEngine.Debug:Log (object)
VoxelCraft.Editor.ModelSnapshot:Shot (UnityEngine.GameObject,UnityEngine.Camera,UnityEngine.Vector3,UnityEngine.Vector3,string) (at Assets/Editor/ModelSnapshot.cs:110)
VoxelCraft.Editor.ModelSnapshot:Run () (at Assets/Editor/ModelSnapshot.cs:61)

(Filename: Assets/Editor/ModelSnapshot.cs Line: 110)

Destroy may not be called from edit mode! Use DestroyImmediate instead.
Destroying an object in edit mode destroys it permanently.
UnityEngine.StackTraceUtility:ExtractStackTrace ()
UnityEngine.Object:Destroy (UnityEngine.Object)
VoxelCraft.Editor.ModelSnapshot:Shot (UnityEngine.GameObject,UnityEngine.Camera,UnityEngine.Vector3,UnityEngine.Vector3,string) (at Assets/Editor/ModelSnapshot.cs:124)
VoxelCraft.Editor.ModelSnapshot:Run () (at Assets/Editor/ModelSnapshot.cs:61)

[Assets/Editor/ModelSnapshot.cs line 61]

SNAPSHOT WROTE D:\zlj world\_logs\snapshot_all_threequarter.png
UnityEngine.StackTraceUtility:ExtractStackTrace ()
UnityEngine.DebugLogHandler:LogFormat (UnityEngine.LogType,UnityEngine.Object,string,object[])
UnityEngine.Logger:Log (UnityEngine.LogType,object)
UnityEngine.Debug:Log (object)
VoxelCraft.Editor.ModelSnapshot:Shot (UnityEngine.GameObject,UnityEngine.Camera,UnityEngine.Vector3,UnityEngine.Vector3,string) (at Assets/Editor/ModelSnapshot.cs:125)
VoxelCraft.Editor.ModelSnapshot:Run () (at Assets/Editor/ModelSnapshot.cs:61)

(Filename: Assets/Editor/ModelSnapshot.cs Line: 125)

SHOT snapshot_chicken_close.png: requested pos=(5.80,0.90,-2.40) matrixPos=(-4.11,-0.10,-4.82) fwd=(-0.44, -0.17, 0.88)
UnityEngine.StackTraceUtility:ExtractStackTrace ()
UnityEngine.DebugLogHandler:LogFormat (UnityEngine.LogType,UnityEngine.Object,string,object[])
UnityEngine.Logger:Log (UnityEngine.LogType,object)
UnityEngine.Debug:Log (object)
VoxelCraft.Editor.ModelSnapshot:Shot (UnityEngine.GameObject,UnityEngine.Camera,UnityEngine.Vector3,UnityEngine.Vector3,string) (at Assets/Editor/ModelSnapshot.cs:110)
VoxelCraft.Editor.ModelSnapshot:Run () (at Assets/Editor/ModelSnapshot.cs:63)

(Filename: Assets/Editor/ModelSnapshot.cs Line: 110)

Destroy may not be called from edit mode! Use DestroyImmediate instead.
Destroying an object in edit mode destroys it permanently.
UnityEngine.StackTraceUtility:ExtractStackTrace ()
UnityEngine.Object:Destroy (UnityEngine.Object)
VoxelCraft.Editor.ModelSnapshot:Shot (UnityEngine.GameObject,UnityEngine.Camera,UnityEngine.Vector3,UnityEngine.Vector3,string) (at Assets/Editor/ModelSnapshot.cs:124)
VoxelCraft.Editor.ModelSnapshot:Run () (at Assets/Editor/ModelSnapshot.cs:63)

[Assets/Editor/ModelSnapshot.cs line 63]

SNAPSHOT WROTE D:\zlj world\_logs\snapshot_chicken_close.png
UnityEngine.StackTraceUtility:ExtractStackTrace ()
UnityEngine.DebugLogHandler:LogFormat (UnityEngine.LogType,UnityEngine.Object,string,object[])
UnityEngine.Logger:Log (UnityEngine.LogType,object)
UnityEngine.Debug:Log (object)
VoxelCraft.Editor.ModelSnapshot:Shot (UnityEngine.GameObject,UnityEngine.Camera,UnityEngine.Vector3,UnityEngine.Vector3,string) (at Assets/Editor/ModelSnapshot.cs:125)
VoxelCraft.Editor.ModelSnapshot:Run () (at Assets/Editor/ModelSnapshot.cs:63)

(Filename: Assets/Editor/ModelSnapshot.cs Line: 125)

SHOT snapshot_player_close.png: requested pos=(6.30,1.15,-3.20) matrixPos=(-6.30,-1.00,-3.25) fwd=(0.00, -0.05, 1.00)
UnityEngine.StackTraceUtility:ExtractStackTrace ()
UnityEngine.DebugLogHandler:LogFormat (UnityEngine.LogType,UnityEngine.Object,string,object[])
UnityEngine.Logger:Log (UnityEngine.LogType,object)
UnityEngine.Debug:Log (object)
VoxelCraft.Editor.ModelSnapshot:Shot (UnityEngine.GameObject,UnityEngine.Camera,UnityEngine.Vector3,UnityEngine.Vector3,string) (at Assets/Editor/ModelSnapshot.cs:110)
VoxelCraft.Editor.ModelSnapshot:Run () (at Assets/Editor/ModelSnapshot.cs:65)

(Filename: Assets/Editor/ModelSnapshot.cs Line: 110)

Destroy may not be called from edit mode! Use DestroyImmediate instead.
Destroying an object in edit mode destroys it permanently.
UnityEngine.StackTraceUtility:ExtractStackTrace ()
UnityEngine.Object:Destroy (UnityEngine.Object)
VoxelCraft.Editor.ModelSnapshot:Shot (UnityEngine.GameObject,UnityEngine.Camera,UnityEngine.Vector3,UnityEngine.Vector3,string) (at Assets/Editor/ModelSnapshot.cs:124)
VoxelCraft.Editor.ModelSnapshot:Run () (at Assets/Editor/ModelSnapshot.cs:65)

[Assets/Editor/ModelSnapshot.cs line 65]

SNAPSHOT WROTE D:\zlj world\_logs\snapshot_player_close.png
UnityEngine.StackTraceUtility:ExtractStackTrace ()
UnityEngine.DebugLogHandler:LogFormat (UnityEngine.LogType,UnityEngine.Object,string,object[])
UnityEngine.Logger:Log (UnityEngine.LogType,object)
UnityEngine.Debug:Log (object)
VoxelCraft.Editor.ModelSnapshot:Shot (UnityEngine.GameObject,UnityEngine.Camera,UnityEngine.Vector3,UnityEngine.Vector3,string) (at Assets/Editor/ModelSnapshot.cs:125)
VoxelCraft.Editor.ModelSnapshot:Run () (at Assets/Editor/ModelSnapshot.cs:65)

(Filename: Assets/Editor/ModelSnapshot.cs Line: 125)

SHOT snapshot_pig_front.png: requested pos=(-0.90,1.25,-1.90) matrixPos=(0.00,-0.99,-2.24) fwd=(0.43, -0.12, 0.90)
UnityEngine.StackTraceUtility:ExtractStackTrace ()
UnityEngine.DebugLogHandler:LogFormat (UnityEngine.LogType,UnityEngine.Object,string,object[])
UnityEngine.Logger:Log (UnityEngine.LogType,object)
UnityEngine.Debug:Log (object)
VoxelCraft.Editor.ModelSnapshot:Shot (UnityEngine.GameObject,UnityEngine.Camera,UnityEngine.Vector3,UnityEngine.Vector3,string) (at Assets/Editor/ModelSnapshot.cs:110)
VoxelCraft.Editor.ModelSnapshot:CloseUp (UnityEngine.GameObject,UnityEngine.Camera,single,single,string) (at Assets/Editor/ModelSnapshot.cs:86)
VoxelCraft.Editor.ModelSnapshot:Run () (at Assets/Editor/ModelSnapshot.cs:70)

(Filename: Assets/Editor/ModelSnapshot.cs Line: 110)

Destroy may not be called from edit mode! Use DestroyImmediate instead.
Destroying an object in edit mode destroys it permanently.
UnityEngine.StackTraceUtility:ExtractStackTrace ()
UnityEngine.Object:Destroy (UnityEngine.Object)
VoxelCraft.Editor.ModelSnapshot:Shot (UnityEngine.GameObject,UnityEngine.Camera,UnityEngine.Vector3,UnityEngine.Vector3,string) (at Assets/Editor/ModelSnapshot.cs:124)
VoxelCraft.Editor.ModelSnapshot:CloseUp (UnityEngine.GameObject,UnityEngine.Camera,single,single,string) (at Assets/Editor/ModelSnapshot.cs:86)
VoxelCraft.Editor.ModelSnapshot:Run () (at Assets/Editor/ModelSnapshot.cs:70)

[Assets/Editor/ModelSnapshot.cs line 70]

SNAPSHOT WROTE D:\zlj world\_logs\snapshot_pig_front.png
UnityEngine.StackTraceUtility:ExtractStackTrace ()
UnityEngine.DebugLogHandler:LogFormat (UnityEngine.LogType,UnityEngine.Object,string,object[])
UnityEngine.Logger:Log (UnityEngine.LogType,object)
UnityEngine.Debug:Log (object)
VoxelCraft.Editor.ModelSnapshot:Shot (UnityEngine.GameObject,UnityEngine.Camera,UnityEngine.Vector3,UnityEngine.Vector3,string) (at Assets/Editor/ModelSnapshot.cs:125)
VoxelCraft.Editor.ModelSnapshot:CloseUp (UnityEngine.GameObject,UnityEngine.Camera,single,single,string) (at Assets/Editor/ModelSnapshot.cs:86)
VoxelCraft.Editor.ModelSnapshot:Run () (at Assets/Editor/ModelSnapshot.cs:70)

(Filename: Assets/Editor/ModelSnapshot.cs Line: 125)

SHOT snapshot_pig_side.png: requested pos=(1.70,1.30,-1.50) matrixPos=(0.00,-0.99,-2.42) fwd=(-0.74, -0.13, 0.66)
UnityEngine.StackTraceUtility:ExtractStackTrace ()
UnityEngine.DebugLogHandler:LogFormat (UnityEngine.LogType,UnityEngine.Object,string,object[])
UnityEngine.Logger:Log (UnityEngine.LogType,object)
UnityEngine.Debug:Log (object)
VoxelCraft.Editor.ModelSnapshot:Shot (UnityEngine.GameObject,UnityEngine.Camera,UnityEngine.Vector3,UnityEngine.Vector3,string) (at Assets/Editor/ModelSnapshot.cs:110)
VoxelCraft.Editor.ModelSnapshot:CloseUp (UnityEngine.GameObject,UnityEngine.Camera,single,single,string) (at Assets/Editor/ModelSnapshot.cs:88)
VoxelCraft.Editor.ModelSnapshot:Run () (at Assets/Editor/ModelSnapshot.cs:70)

(Filename: Assets/Editor/ModelSnapshot.cs Line: 110)

Destroy may not be called from edit mode! Use DestroyImmediate instead.
Destroying an object in edit mode destroys it permanently.
UnityEngine.StackTraceUtility:ExtractStackTrace ()
UnityEngine.Object:Destroy (UnityEngine.Object)
VoxelCraft.Editor.ModelSnapshot:Shot (UnityEngine.GameObject,UnityEngine.Camera,UnityEngine.Vector3,UnityEngine.Vector3,string) (at Assets/Editor/ModelSnapshot.cs:124)
VoxelCraft.Editor.ModelSnapshot:CloseUp (UnityEngine.GameObject,UnityEngine.Camera,single,single,string) (at Assets/Editor/ModelSnapshot.cs:88)
VoxelCraft.Editor.ModelSnapshot:Run () (at Assets/Editor/ModelSnapshot.cs:70)

[Assets/Editor/ModelSnapshot.cs line 70]

SNAPSHOT WROTE D:\zlj world\_logs\snapshot_pig_side.png
UnityEngine.StackTraceUtility:ExtractStackTrace ()
UnityEngine.DebugLogHandler:LogFormat (UnityEngine.LogType,UnityEngine.Object,string,object[])
UnityEngine.Logger:Log (UnityEngine.LogType,object)
UnityEngine.Debug:Log (object)
VoxelCraft.Editor.ModelSnapshot:Shot (UnityEngine.GameObject,UnityEngine.Camera,UnityEngine.Vector3,UnityEngine.Vector3,string) (at Assets/Editor/ModelSnapshot.cs:125)
VoxelCraft.Editor.ModelSnapshot:CloseUp (UnityEngine.GameObject,UnityEngine.Camera,single,single,string) (at Assets/Editor/ModelSnapshot.cs:88)
VoxelCraft.Editor.ModelSnapshot:Run () (at Assets/Editor/ModelSnapshot.cs:70)

(Filename: Assets/Editor/ModelSnapshot.cs Line: 125)

SHOT snapshot_chicken_front.png: requested pos=(3.70,1.10,-1.90) matrixPos=(-4.16,-1.08,-0.26) fwd=(0.43, -0.12, 0.90)
UnityEngine.StackTraceUtility:ExtractStackTrace ()
UnityEngine.DebugLogHandler:LogFormat (UnityEngine.LogType,UnityEngine.Object,string,object[])
UnityEngine.Logger:Log (UnityEngine.LogType,object)
UnityEngine.Debug:Log (object)
VoxelCraft.Editor.ModelSnapshot:Shot (UnityEngine.GameObject,UnityEngine.Camera,UnityEngine.Vector3,UnityEngine.Vector3,string) (at Assets/Editor/ModelSnapshot.cs:110)
VoxelCraft.Editor.ModelSnapshot:CloseUp (UnityEngine.GameObject,UnityEngine.Camera,single,single,string) (at Assets/Editor/ModelSnapshot.cs:86)
VoxelCraft.Editor.ModelSnapshot:Run () (at Assets/Editor/ModelSnapshot.cs:71)

(Filename: Assets/Editor/ModelSnapshot.cs Line: 110)

Destroy may not be called from edit mode! Use DestroyImmediate instead.
Destroying an object in edit mode destroys it permanently.
UnityEngine.StackTraceUtility:ExtractStackTrace ()
UnityEngine.Object:Destroy (UnityEngine.Object)
VoxelCraft.Editor.ModelSnapshot:Shot (UnityEngine.GameObject,UnityEngine.Camera,UnityEngine.Vector3,UnityEngine.Vector3,string) (at Assets/Editor/ModelSnapshot.cs:124)
VoxelCraft.Editor.ModelSnapshot:CloseUp (UnityEngine.GameObject,UnityEngine.Camera,single,single,string) (at Assets/Editor/ModelSnapshot.cs:86)
VoxelCraft.Editor.ModelSnapshot:Run () (at Assets/Editor/ModelSnapshot.cs:71)

[Assets/Editor/ModelSnapshot.cs line 71]

SNAPSHOT WROTE D:\zlj world\_logs\snapshot_chicken_front.png
UnityEngine.StackTraceUtility:ExtractStackTrace ()
UnityEngine.DebugLogHandler:LogFormat (UnityEngine.LogType,UnityEngine.Object,string,object[])
UnityEngine.Logger:Log (UnityEngine.LogType,object)
UnityEngine.Debug:Log (object)
VoxelCraft.Editor.ModelSnapshot:Shot (UnityEngine.GameObject,UnityEngine.Camera,UnityEngine.Vector3,UnityEngine.Vector3,string) (at Assets/Editor/ModelSnapshot.cs:125)
VoxelCraft.Editor.ModelSnapshot:CloseUp (UnityEngine.GameObject,UnityEngine.Camera,single,single,string) (at Assets/Editor/ModelSnapshot.cs:86)
VoxelCraft.Editor.ModelSnapshot:Run () (at Assets/Editor/ModelSnapshot.cs:71)

(Filename: Assets/Editor/ModelSnapshot.cs Line: 125)

SHOT snapshot_chicken_side.png: requested pos=(6.30,1.15,-1.50) matrixPos=(-3.04,-0.39,-5.82) fwd=(-0.74, -0.13, 0.66)
UnityEngine.StackTraceUtility:ExtractStackTrace ()
UnityEngine.DebugLogHandler:LogFormat (UnityEngine.LogType,UnityEngine.Object,string,object[])
UnityEngine.Logger:Log (UnityEngine.LogType,object)
UnityEngine.Debug:Log (object)
VoxelCraft.Editor.ModelSnapshot:Shot (UnityEngine.GameObject,UnityEngine.Camera,UnityEngine.Vector3,UnityEngine.Vector3,string) (at Assets/Editor/ModelSnapshot.cs:110)
VoxelCraft.Editor.ModelSnapshot:CloseUp (UnityEngine.GameObject,UnityEngine.Camera,single,single,string) (at Assets/Editor/ModelSnapshot.cs:88)
VoxelCraft.Editor.ModelSnapshot:Run () (at Assets/Editor/ModelSnapshot.cs:71)

(Filename: Assets/Editor/ModelSnapshot.cs Line: 110)

Destroy may not be called from edit mode! Use DestroyImmediate instead.
Destroying an object in edit mode destroys it permanently.
UnityEngine.StackTraceUtility:ExtractStackTrace ()
UnityEngine.Object:Destroy (UnityEngine.Object)
VoxelCraft.Editor.ModelSnapshot:Shot (UnityEngine.GameObject,UnityEngine.Camera,UnityEngine.Vector3,UnityEngine.Vector3,string) (at Assets/Editor/ModelSnapshot.cs:124)
VoxelCraft.Editor.ModelSnapshot:CloseUp (UnityEngine.GameObject,UnityEngine.Camera,single,single,string) (at Assets/Editor/ModelSnapshot.cs:88)
VoxelCraft.Editor.ModelSnapshot:Run () (at Assets/Editor/ModelSnapshot.cs:71)

[Assets/Editor/ModelSnapshot.cs line 71]

SNAPSHOT WROTE D:\zlj world\_logs\snapshot_chicken_side.png
UnityEngine.StackTraceUtility:ExtractStackTrace ()
UnityEngine.DebugLogHandler:LogFormat (UnityEngine.LogType,UnityEngine.Object,string,object[])
UnityEngine.Logger:Log (UnityEngine.LogType,object)
UnityEngine.Debug:Log (object)
VoxelCraft.Editor.ModelSnapshot:Shot (UnityEngine.GameObject,UnityEngine.Camera,UnityEngine.Vector3,UnityEngine.Vector3,string) (at Assets/Editor/ModelSnapshot.cs:125)
VoxelCraft.Editor.ModelSnapshot:CloseUp (UnityEngine.GameObject,UnityEngine.Camera,single,single,string) (at Assets/Editor/ModelSnapshot.cs:88)
VoxelCraft.Editor.ModelSnapshot:Run () (at Assets/Editor/ModelSnapshot.cs:71)

(Filename: Assets/Editor/ModelSnapshot.cs Line: 125)

SHOT snapshot_sheep_front.png: requested pos=(2.50,1.25,-1.90) matrixPos=(-3.07,-1.16,-0.79) fwd=(0.43, -0.12, 0.90)
UnityEngine.StackTraceUtility:ExtractStackTrace ()
UnityEngine.DebugLogHandler:LogFormat (UnityEngine.LogType,UnityEngine.Object,string,object[])
UnityEngine.Logger:Log (UnityEngine.LogType,object)
UnityEngine.Debug:Log (object)
VoxelCraft.Editor.ModelSnapshot:Shot (UnityEngine.GameObject,UnityEngine.Camera,UnityEngine.Vector3,UnityEngine.Vector3,string) (at Assets/Editor/ModelSnapshot.cs:110)
VoxelCraft.Editor.ModelSnapshot:CloseUp (UnityEngine.GameObject,UnityEngine.Camera,single,single,string) (at Assets/Editor/ModelSnapshot.cs:86)
VoxelCraft.Editor.ModelSnapshot:Run () (at Assets/Editor/ModelSnapshot.cs:72)

(Filename: Assets/Editor/ModelSnapshot.cs Line: 110)

Destroy may not be called from edit mode! Use DestroyImmediate instead.
Destroying an object in edit mode destroys it permanently.
UnityEngine.StackTraceUtility:ExtractStackTrace ()
UnityEngine.Object:Destroy (UnityEngine.Object)
VoxelCraft.Editor.ModelSnapshot:Shot (UnityEngine.GameObject,UnityEngine.Camera,UnityEngine.Vector3,UnityEngine.Vector3,string) (at Assets/Editor/ModelSnapshot.cs:124)
VoxelCraft.Editor.ModelSnapshot:CloseUp (UnityEngine.GameObject,UnityEngine.Camera,single,single,string) (at Assets/Editor/ModelSnapshot.cs:86)
VoxelCraft.Editor.ModelSnapshot:Run () (at Assets/Editor/ModelSnapshot.cs:72)

[Assets/Editor/ModelSnapshot.cs line 72]

SNAPSHOT WROTE D:\zlj world\_logs\snapshot_sheep_front.png
UnityEngine.StackTraceUtility:ExtractStackTrace ()
UnityEngine.DebugLogHandler:LogFormat (UnityEngine.LogType,UnityEngine.Object,string,object[])
UnityEngine.Logger:Log (UnityEngine.LogType,object)
UnityEngine.Debug:Log (object)
VoxelCraft.Editor.ModelSnapshot:Shot (UnityEngine.GameObject,UnityEngine.Camera,UnityEngine.Vector3,UnityEngine.Vector3,string) (at Assets/Editor/ModelSnapshot.cs:125)
VoxelCraft.Editor.ModelSnapshot:CloseUp (UnityEngine.GameObject,UnityEngine.Camera,single,single,string) (at Assets/Editor/ModelSnapshot.cs:86)
VoxelCraft.Editor.ModelSnapshot:Run () (at Assets/Editor/ModelSnapshot.cs:72)

(Filename: Assets/Editor/ModelSnapshot.cs Line: 125)

SHOT snapshot_sheep_side.png: requested pos=(5.10,1.30,-1.50) matrixPos=(-2.25,-0.66,-4.95) fwd=(-0.74, -0.13, 0.66)
UnityEngine.StackTraceUtility:ExtractStackTrace ()
UnityEngine.DebugLogHandler:LogFormat (UnityEngine.LogType,UnityEngine.Object,string,object[])
UnityEngine.Logger:Log (UnityEngine.LogType,object)
UnityEngine.Debug:Log (object)
VoxelCraft.Editor.ModelSnapshot:Shot (UnityEngine.GameObject,UnityEngine.Camera,UnityEngine.Vector3,UnityEngine.Vector3,string) (at Assets/Editor/ModelSnapshot.cs:110)
VoxelCraft.Editor.ModelSnapshot:CloseUp (UnityEngine.GameObject,UnityEngine.Camera,single,single,string) (at Assets/Editor/ModelSnapshot.cs:88)
VoxelCraft.Editor.ModelSnapshot:Run () (at Assets/Editor/ModelSnapshot.cs:72)

(Filename: Assets/Editor/ModelSnapshot.cs Line: 110)

Destroy may not be called from edit mode! Use DestroyImmediate instead.
Destroying an object in edit mode destroys it permanently.
UnityEngine.StackTraceUtility:ExtractStackTrace ()
UnityEngine.Object:Destroy (UnityEngine.Object)
VoxelCraft.Editor.ModelSnapshot:Shot (UnityEngine.GameObject,UnityEngine.Camera,UnityEngine.Vector3,UnityEngine.Vector3,string) (at Assets/Editor/ModelSnapshot.cs:124)
VoxelCraft.Editor.ModelSnapshot:CloseUp (UnityEngine.GameObject,UnityEngine.Camera,single,single,string) (at Assets/Editor/ModelSnapshot.cs:88)
VoxelCraft.Editor.ModelSnapshot:Run () (at Assets/Editor/ModelSnapshot.cs:72)

[Assets/Editor/ModelSnapshot.cs line 72]

SNAPSHOT WROTE D:\zlj world\_logs\snapshot_sheep_side.png
UnityEngine.StackTraceUtility:ExtractStackTrace ()
UnityEngine.DebugLogHandler:LogFormat (UnityEngine.LogType,UnityEngine.Object,string,object[])
UnityEngine.Logger:Log (UnityEngine.LogType,object)
UnityEngine.Debug:Log (object)
VoxelCraft.Editor.ModelSnapshot:Shot (UnityEngine.GameObject,UnityEngine.Camera,UnityEngine.Vector3,UnityEngine.Vector3,string) (at Assets/Editor/ModelSnapshot.cs:125)
VoxelCraft.Editor.ModelSnapshot:CloseUp (UnityEngine.GameObject,UnityEngine.Camera,single,single,string) (at Assets/Editor/ModelSnapshot.cs:88)
VoxelCraft.Editor.ModelSnapshot:Run () (at Assets/Editor/ModelSnapshot.cs:72)

(Filename: Assets/Editor/ModelSnapshot.cs Line: 125)

SHOT snapshot_cow_front.png: requested pos=(0.80,1.55,-1.90) matrixPos=(-1.54,-1.38,-1.55) fwd=(0.43, -0.12, 0.90)
UnityEngine.StackTraceUtility:ExtractStackTrace ()
UnityEngine.DebugLogHandler:LogFormat (UnityEngine.LogType,UnityEngine.Object,string,object[])
UnityEngine.Logger:Log (UnityEngine.LogType,object)
UnityEngine.Debug:Log (object)
VoxelCraft.Editor.ModelSnapshot:Shot (UnityEngine.GameObject,UnityEngine.Camera,UnityEngine.Vector3,UnityEngine.Vector3,string) (at Assets/Editor/ModelSnapshot.cs:110)
VoxelCraft.Editor.ModelSnapshot:CloseUp (UnityEngine.GameObject,UnityEngine.Camera,single,single,string) (at Assets/Editor/ModelSnapshot.cs:86)
VoxelCraft.Editor.ModelSnapshot:Run () (at Assets/Editor/ModelSnapshot.cs:73)

(Filename: Assets/Editor/ModelSnapshot.cs Line: 110)

Destroy may not be called from edit mode! Use DestroyImmediate instead.
Destroying an object in edit mode destroys it permanently.
UnityEngine.StackTraceUtility:ExtractStackTrace ()
UnityEngine.Object:Destroy (UnityEngine.Object)
VoxelCraft.Editor.ModelSnapshot:Shot (UnityEngine.GameObject,UnityEngine.Camera,UnityEngine.Vector3,UnityEngine.Vector3,string) (at Assets/Editor/ModelSnapshot.cs:124)
VoxelCraft.Editor.ModelSnapshot:CloseUp (UnityEngine.GameObject,UnityEngine.Camera,single,single,string) (at Assets/Editor/ModelSnapshot.cs:86)
VoxelCraft.Editor.ModelSnapshot:Run () (at Assets/Editor/ModelSnapshot.cs:73)

[Assets/Editor/ModelSnapshot.cs line 73]

SNAPSHOT WROTE D:\zlj world\_logs\snapshot_cow_front.png
UnityEngine.StackTraceUtility:ExtractStackTrace ()
UnityEngine.DebugLogHandler:LogFormat (UnityEngine.LogType,UnityEngine.Object,string,object[])
UnityEngine.Logger:Log (UnityEngine.LogType,object)
UnityEngine.Debug:Log (object)
VoxelCraft.Editor.ModelSnapshot:Shot (UnityEngine.GameObject,UnityEngine.Camera,UnityEngine.Vector3,UnityEngine.Vector3,string) (at Assets/Editor/ModelSnapshot.cs:125)
VoxelCraft.Editor.ModelSnapshot:CloseUp (UnityEngine.GameObject,UnityEngine.Camera,single,single,string) (at Assets/Editor/ModelSnapshot.cs:86)
VoxelCraft.Editor.ModelSnapshot:Run () (at Assets/Editor/ModelSnapshot.cs:73)

(Filename: Assets/Editor/ModelSnapshot.cs Line: 125)

SHOT snapshot_cow_side.png: requested pos=(3.40,1.60,-1.50) matrixPos=(-1.12,-1.12,-3.72) fwd=(-0.74, -0.13, 0.66)
UnityEngine.StackTraceUtility:ExtractStackTrace ()
UnityEngine.DebugLogHandler:LogFormat (UnityEngine.LogType,UnityEngine.Object,string,object[])
UnityEngine.Logger:Log (UnityEngine.LogType,object)
UnityEngine.Debug:Log (object)
VoxelCraft.Editor.ModelSnapshot:Shot (UnityEngine.GameObject,UnityEngine.Camera,UnityEngine.Vector3,UnityEngine.Vector3,string) (at Assets/Editor/ModelSnapshot.cs:110)
VoxelCraft.Editor.ModelSnapshot:CloseUp (UnityEngine.GameObject,UnityEngine.Camera,single,single,string) (at Assets/Editor/ModelSnapshot.cs:88)
VoxelCraft.Editor.ModelSnapshot:Run () (at Assets/Editor/ModelSnapshot.cs:73)

(Filename: Assets/Editor/ModelSnapshot.cs Line: 110)

Destroy may not be called from edit mode! Use DestroyImmediate instead.
Destroying an object in edit mode destroys it permanently.
UnityEngine.StackTraceUtility:ExtractStackTrace ()
UnityEngine.Object:Destroy (UnityEngine.Object)
VoxelCraft.Editor.ModelSnapshot:Shot (UnityEngine.GameObject,UnityEngine.Camera,UnityEngine.Vector3,UnityEngine.Vector3,string) (at Assets/Editor/ModelSnapshot.cs:124)
VoxelCraft.Editor.ModelSnapshot:CloseUp (UnityEngine.GameObject,UnityEngine.Camera,single,single,string) (at Assets/Editor/ModelSnapshot.cs:88)
VoxelCraft.Editor.ModelSnapshot:Run () (at Assets/Editor/ModelSnapshot.cs:73)

[Assets/Editor/ModelSnapshot.cs line 73]

SNAPSHOT WROTE D:\zlj world\_logs\snapshot_cow_side.png
UnityEngine.StackTraceUtility:ExtractStackTrace ()
UnityEngine.DebugLogHandler:LogFormat (UnityEngine.LogType,UnityEngine.Object,string,object[])
UnityEngine.Logger:Log (UnityEngine.LogType,object)
UnityEngine.Debug:Log (object)
VoxelCraft.Editor.ModelSnapshot:Shot (UnityEngine.GameObject,UnityEngine.Camera,UnityEngine.Vector3,UnityEngine.Vector3,string) (at Assets/Editor/ModelSnapshot.cs:125)
VoxelCraft.Editor.ModelSnapshot:CloseUp (UnityEngine.GameObject,UnityEngine.Camera,single,single,string) (at Assets/Editor/ModelSnapshot.cs:88)
VoxelCraft.Editor.ModelSnapshot:Run () (at Assets/Editor/ModelSnapshot.cs:73)

(Filename: Assets/Editor/ModelSnapshot.cs Line: 125)

SHOT snapshot_player_solo.png: requested pos=(6.30,1.30,-3.60) matrixPos=(-6.30,-1.05,-3.68) fwd=(0.00, -0.07, 1.00)
UnityEngine.StackTraceUtility:ExtractStackTrace ()
UnityEngine.DebugLogHandler:LogFormat (UnityEngine.LogType,UnityEngine.Object,string,object[])
UnityEngine.Logger:Log (UnityEngine.LogType,object)
UnityEngine.Debug:Log (object)
VoxelCraft.Editor.ModelSnapshot:Shot (UnityEngine.GameObject,UnityEngine.Camera,UnityEngine.Vector3,UnityEngine.Vector3,string) (at Assets/Editor/ModelSnapshot.cs:110)
VoxelCraft.Editor.ModelSnapshot:Run () (at Assets/Editor/ModelSnapshot.cs:77)

(Filename: Assets/Editor/ModelSnapshot.cs Line: 110)

Destroy may not be called from edit mode! Use DestroyImmediate instead.
Destroying an object in edit mode destroys it permanently.
UnityEngine.StackTraceUtility:ExtractStackTrace ()
UnityEngine.Object:Destroy (UnityEngine.Object)
VoxelCraft.Editor.ModelSnapshot:Shot (UnityEngine.GameObject,UnityEngine.Camera,UnityEngine.Vector3,UnityEngine.Vector3,string) (at Assets/Editor/ModelSnapshot.cs:124)
VoxelCraft.Editor.ModelSnapshot:Run () (at Assets/Editor/ModelSnapshot.cs:77)

[Assets/Editor/ModelSnapshot.cs line 77]

SNAPSHOT WROTE D:\zlj world\_logs\snapshot_player_solo.png
UnityEngine.StackTraceUtility:ExtractStackTrace ()
UnityEngine.DebugLogHandler:LogFormat (UnityEngine.LogType,UnityEngine.Object,string,object[])
UnityEngine.Logger:Log (UnityEngine.LogType,object)
UnityEngine.Debug:Log (object)
VoxelCraft.Editor.ModelSnapshot:Shot (UnityEngine.GameObject,UnityEngine.Camera,UnityEngine.Vector3,UnityEngine.Vector3,string) (at Assets/Editor/ModelSnapshot.cs:125)
VoxelCraft.Editor.ModelSnapshot:Run () (at Assets/Editor/ModelSnapshot.cs:77)

(Filename: Assets/Editor/ModelSnapshot.cs Line: 125)

MODEL SNAPSHOT OK
UnityEngine.StackTraceUtility:ExtractStackTrace ()
UnityEngine.DebugLogHandler:LogFormat (UnityEngine.LogType,UnityEngine.Object,string,object[])
UnityEngine.Logger:Log (UnityEngine.LogType,object)
UnityEngine.Debug:Log (object)
VoxelCraft.Editor.ModelSnapshot:Run () (at Assets/Editor/ModelSnapshot.cs:79)

(Filename: Assets/Editor/ModelSnapshot.cs Line: 79)

Batchmode quit successfully invoked - shutting down!
[PhysX] Initialized MultithreadedTaskDispatcher with 8 workers.
Input System module state changed to: ShutdownInProgress.
Input System polling thread exited.
Input System module state changed to: Shutdown.
[Licensing::IpcConnector] LicenseClient-zlj10-notifications channel disconnected successfully.
[Licensing::IpcConnector] LicenseClient-zlj10 channel disconnected successfully.
Cleanup mono
abort_threads: Failed aborting id: 0000000000002D0C, mono_thread_manage will ignore it

abort_threads: Failed aborting id: 0000000000002D0C, mono_thread_manage will ignore it

debugger-agent: Unable to listen on 4616
[Performance] WinEditorMain                                                                                                  :        1 samples, Peak.   400 ms (1.0x), Avg.   400 ms, Total. 400.5 ms (2.1%)
[Performance] WinEditorMain.ConfigureCrashHandler                                                                            :        1 samples, Peak.  24.1 us (1.0x), Avg.  24.1 us, Total. 24.10 us (0.0%)
[Performance] WinEditorMain.CurlRequestInitialize                                                                            :        1 samples, Peak.   346 us (1.0x), Avg.   346 us, Total. 346.2 us (0.0%)
[Performance] WinEditorMain.SetupLogFile                                                                                     :        1 samples, Peak.   157 us (1.0x), Avg.   157 us, Total. 157.3 us (0.0%)
[Performance] WinEditorMain.RunNativeTestsIfRequiredAndExit                                                                  :        1 samples, Peak.   100 ns (1.0x), Avg.   100 ns, Total. 100.0 ns (0.0%)
[Performance] WinEditorMain.Licensing                                                                                        :        1 samples, Peak.   382 ms (1.0x), Avg.   382 ms, Total. 381.7 ms (2.0%)
[Performance] WinEditorMain.InitializeCrashHandler                                                                           :        1 samples, Peak.  16.0 ms (1.0x), Avg.  16.0 ms, Total. 15.98 ms (0.1%)
[Performance] WinEditorMain.CreateApplication                                                                                :        1 samples, Peak.  92.5 us (1.0x), Avg.  92.5 us, Total. 92.50 us (0.0%)
[Performance] Application.InitializeProject                                                                                  :        1 samples, Peak.  16.8 s (1.0x), Avg.  16.8 s, Total. 16.77 s (87.5%)
[Performance] Application.PackageManager.StartServer                                                                         :        1 samples, Peak.  5.82 ms (1.0x), Avg.  5.82 ms, Total. 5.819 ms (0.0%)
[Performance] Application.AcquireProjectLock                                                                                 :        1 samples, Peak.  1.47 ms (1.0x), Avg.  1.47 ms, Total. 1.474 ms (0.0%)
[Performance] Application.InitializeEngineNoGraphics                                                                         :        1 samples, Peak.  55.8 ms (1.0x), Avg.  55.8 ms, Total. 55.79 ms (0.3%)
[Performance] Application.PackageManager.Initialize                                                                          :        1 samples, Peak.   310 ms (1.0x), Avg.   310 ms, Total. 310.2 ms (1.6%)
[Performance] Connecting to Package Manager                                                                                  :       32 samples, Peak.   145 us (18.1x), Avg.  8.01 us, Total. 256.3 us (0.0%)
[Performance] Application.EngineGraphics.Initialize                                                                          :        1 samples, Peak.   144 ms (1.0x), Avg.   144 ms, Total. 143.6 ms (0.7%)
[Performance] Application.GI.Initialize                                                                                      :        1 samples, Peak.  3.80 ms (1.0x), Avg.  3.80 ms, Total. 3.796 ms (0.0%)
[Performance] Application.LoadAllDefaultResourcesFromEditor                                                                  :        1 samples, Peak.  1.87 ms (1.0x), Avg.  1.87 ms, Total. 1.871 ms (0.0%)
[Performance] Application.LoadMonoAssemblies                                                                                 :        1 samples, Peak.  1.09 s (1.0x), Avg.  1.09 s, Total. 1.092 s (5.7%)
[Performance] RestoreManagedReferences                                                                                       :        2 samples, Peak.  2.91 s (2.0x), Avg.  1.45 s, Total. 2.905 s (15.2%)
[Performance] InitializeOnLoad DrivenRectTransformUndo                                                                       :        2 samples, Peak.  1.54 ms (1.3x), Avg.  1.19 ms, Total. 2.373 ms (0.0%)
[Performance] InitializeOnLoad UnityConnect                                                                                  :        2 samples, Peak.   158 us (1.2x), Avg.   128 us, Total. 256.0 us (0.0%)
[Performance] InitializeOnLoad NativeFormatImporterUtility                                                                   :        2 samples, Peak.  9.53 ms (1.3x), Avg.  7.61 ms, Total. 15.21 ms (0.1%)
[Performance] InitializeOnLoad MixerEffectDefinitionReloader                                                                 :        2 samples, Peak.  7.64 ms (1.0x), Avg.  7.39 ms, Total. 14.79 ms (0.1%)
[Performance] InitializeOnLoad CacheServerWindow                                                                             :        2 samples, Peak.  42.9 us (1.3x), Avg.  32.8 us, Total. 65.60 us (0.0%)
[Performance] InitializeOnLoad PlayModeDownload                                                                              :        2 samples, Peak.  11.3 ms (1.9x), Avg.  6.02 ms, Total. 12.04 ms (0.1%)
[Performance] InitializeOnLoad AddComponentWindow                                                                            :        2 samples, Peak.   246 us (1.0x), Avg.   242 us, Total. 483.6 us (0.0%)
[Performance] InitializeOnLoad ProjectSearch                                                                                 :        2 samples, Peak.   371 us (1.2x), Avg.   310 us, Total. 619.6 us (0.0%)
[Performance] InitializeOnLoad SettingsService                                                                               :        2 samples, Peak.  25.1 us (1.2x), Avg.  20.1 us, Total. 40.20 us (0.0%)
[Performance] InitializeOnLoad ManagedDebugger                                                                               :        2 samples, Peak.  1.43 ms (1.0x), Avg.  1.41 ms, Total. 2.822 ms (0.0%)
[Performance] InitializeOnLoad ObjectSelectorSearch                                                                          :        2 samples, Peak.   741 us (1.1x), Avg.   676 us, Total. 1.353 ms (0.0%)
[Performance] InitializeOnLoad AssetStoreContext                                                                             :        2 samples, Peak.  82.5 ms (1.2x), Avg.  69.6 ms, Total. 139.2 ms (0.7%)
[Performance] InitializeOnLoad PrefabInstanceChangedListener                                                                 :        2 samples, Peak.  1.48 ms (1.6x), Avg.   940 us, Total. 1.880 ms (0.0%)
[Performance] InitializeOnLoad WindowLayout                                                                                  :        2 samples, Peak.  2.31 ms (1.3x), Avg.  1.75 ms, Total. 3.490 ms (0.0%)
[Performance] InitializeOnLoad UISystemProfilerRenderService                                                                 :        2 samples, Peak.  37.3 us (1.2x), Avg.  32.2 us, Total. 64.30 us (0.0%)
[Performance] InitializeOnLoad SceneSearch                                                                                   :        2 samples, Peak.   261 us (1.1x), Avg.   234 us, Total. 467.8 us (0.0%)
[Performance] InitializeOnLoad EditMode                                                                                      :        2 samples, Peak.  1.49 ms (1.1x), Avg.  1.31 ms, Total. 2.611 ms (0.0%)
[Performance] InitializeOnLoad CloudBuild                                                                                    :        2 samples, Peak.  15.2 us (1.2x), Avg.  12.5 us, Total. 25.00 us (0.0%)
[Performance] InitializeOnLoad MenuItems                                                                                     :        2 samples, Peak.   227 us (1.0x), Avg.   216 us, Total. 432.8 us (0.0%)
[Performance] InitializeOnLoad ShortcutIntegration                                                                           :        2 samples, Peak.   119 us (1.0x), Avg.   116 us, Total. 232.6 us (0.0%)
[Performance] InitializeOnLoad ManagedDebuggerWindow                                                                         :        2 samples, Peak.  1.27 ms (1.6x), Avg.   778 us, Total. 1.556 ms (0.0%)
[Performance] InitializeOnLoad SearchService                                                                                 :        2 samples, Peak.  1.17 ms (1.7x), Avg.   690 us, Total. 1.381 ms (0.0%)
[Performance] InitializeOnLoad EditorMonitor                                                                                 :        2 samples, Peak.  3.43 ms (1.5x), Avg.  2.30 ms, Total. 4.596 ms (0.0%)
[Performance] InitializeOnLoad RetainedMode                                                                                  :        2 samples, Peak.  7.69 ms (1.0x), Avg.  7.62 ms, Total. 15.24 ms (0.1%)
[Performance] InitializeOnLoad EditorShaderLoader                                                                            :        2 samples, Peak.  2.67 ms (1.3x), Avg.  2.11 ms, Total. 4.227 ms (0.0%)
[Performance] InitializeOnLoad EditorDelegateRegistration                                                                    :        2 samples, Peak.  1.75 ms (1.3x), Avg.  1.33 ms, Total. 2.660 ms (0.0%)
[Performance] InitializeOnLoad UIDocumentHierarchyWatcher                                                                    :        2 samples, Peak.   324 us (1.1x), Avg.   282 us, Total. 563.8 us (0.0%)
[Performance] InitializeOnLoad LiveReloadTrackerCreator                                                                      :        2 samples, Peak.  2.50 ms (1.4x), Avg.  1.73 ms, Total. 3.463 ms (0.0%)
[Performance] InitializeOnLoad UxmlObjectEditorFactories                                                                     :        2 samples, Peak.  3.27 ms (1.4x), Avg.  2.30 ms, Total. 4.601 ms (0.0%)
[Performance] InitializeOnLoad UXMLEditorFactories                                                                           :        2 samples, Peak.   515 ms (1.6x), Avg.   319 ms, Total. 638.2 ms (3.3%)
[Performance] InitializeOnLoad PurchasingService                                                                             :        2 samples, Peak.  24.0 ms (1.2x), Avg.  20.8 ms, Total. 41.62 ms (0.2%)
[Performance] InitializeOnLoad CloudBuildPoller                                                                              :        2 samples, Peak.   289 us (1.2x), Avg.   248 us, Total. 495.1 us (0.0%)
[Performance] InitializeOnLoad EditorGameServicesAnalytics                                                                   :        2 samples, Peak.  6.48 ms (1.5x), Avg.  4.24 ms, Total. 8.485 ms (0.0%)
[Performance] InitializeOnLoad AnalyticsService                                                                              :        2 samples, Peak.   609 us (1.0x), Avg.   604 us, Total. 1.209 ms (0.0%)
[Performance] InitializeOnLoad BuildService                                                                                  :        2 samples, Peak.   670 us (1.3x), Avg.   526 us, Total. 1.051 ms (0.0%)
[Performance] InitializeOnLoad AdsService                                                                                    :        2 samples, Peak.  3.93 ms (1.6x), Avg.  2.51 ms, Total. 5.025 ms (0.0%)
[Performance] InitializeOnLoad UDPService                                                                                    :        2 samples, Peak.   792 us (1.4x), Avg.   577 us, Total. 1.155 ms (0.0%)
[Performance] InitializeOnLoad CrashService                                                                                  :        2 samples, Peak.   812 us (1.5x), Avg.   546 us, Total. 1.091 ms (0.0%)
[Performance] InitializeOnLoad ServicesRepository                                                                            :        2 samples, Peak.  47.2 us (2.0x), Avg.  24.2 us, Total. 48.40 us (0.0%)
[Performance] InitializeOnLoad SearchWindow                                                                                  :        2 samples, Peak.   808 us (1.6x), Avg.   521 us, Total. 1.041 ms (0.0%)
[Performance] InitializeOnLoad CustomIndexers                                                                                :        2 samples, Peak.   259 ms (1.7x), Avg.   149 ms, Total. 298.5 ms (1.6%)
[Performance] InitializeOnLoad SearchMonitor                                                                                 :        2 samples, Peak.  3.17 ms (1.3x), Avg.  2.40 ms, Total. 4.795 ms (0.0%)
[Performance] InitializeOnLoad ParameterControllerEditor                                                                     :        2 samples, Peak.  39.1 us (1.1x), Avg.  36.2 us, Total. 72.30 us (0.0%)
[Performance] InitializeOnLoad LayerSettingsWindow                                                                           :        2 samples, Peak.  50.2 us (1.7x), Avg.  29.1 us, Total. 58.10 us (0.0%)
[Performance] InitializeOnLoad PackageManagerHookGUIDConverter.RegisterPackagesEventHandler                                  :        2 samples, Peak.  1.66 ms (1.5x), Avg.  1.11 ms, Total. 2.229 ms (0.0%)
[Performance] InitializeOnLoad EditorDragAndDrop.RegisterEditorClient                                                        :        2 samples, Peak.   723 us (1.3x), Avg.   540 us, Total. 1.081 ms (0.0%)
[Performance] InitializeOnLoad EditorEventCallbacks.InitializeFontAssetResourceChangeCallBacks                               :        2 samples, Peak.  3.97 ms (1.1x), Avg.  3.51 ms, Total. 7.021 ms (0.0%)
[Performance] InitializeOnLoad SceneTemplateService.Init                                                                     :        2 samples, Peak.  4.12 ms (1.3x), Avg.  3.25 ms, Total. 6.493 ms (0.0%)
[Performance] InitializeOnLoad DiagnosticSwitchesConsoleMessage.Init                                                         :        2 samples, Peak.  13.4 ms (1.7x), Avg.  7.83 ms, Total. 15.67 ms (0.1%)
[Performance] InitializeOnLoad SceneVisibilityManager.Initialize                                                             :        2 samples, Peak.  10.4 ms (1.7x), Avg.  5.96 ms, Total. 11.92 ms (0.1%)
[Performance] InitializeOnLoad PackageManagerWindow.EditorInitializedInSafeMode                                              :        2 samples, Peak.  51.7 ms (2.0x), Avg.  26.0 ms, Total. 52.00 ms (0.3%)
[Performance] InitializeOnLoad MemoryProfilerCompilationGuard.InjectCompileGuard                                             :        2 samples, Peak.  1.58 ms (1.7x), Avg.   946 us, Total. 1.892 ms (0.0%)
[Performance] InitializeOnLoad SysrootManager.Initialize                                                                     :        2 samples, Peak.  1.40 ms (1.2x), Avg.  1.16 ms, Total. 2.325 ms (0.0%)
[Performance] InitializeOnLoad ScopedRegistryAddedPopup.SubscribeToRegistriesAdded                                           :        2 samples, Peak.  17.1 ms (2.0x), Avg.  8.65 ms, Total. 17.30 ms (0.1%)
[Performance] InitializeOnLoad EditorWindow.Initialize                                                                       :        2 samples, Peak.   519 us (1.1x), Avg.   471 us, Total. 941.8 us (0.0%)
[Performance] InitializeOnLoad ToolShortcutContext.Init                                                                      :        2 samples, Peak.   262 us (1.0x), Avg.   253 us, Total. 505.7 us (0.0%)
[Performance] InitializeOnLoad AssetPostprocessingInternal.RefreshCustomDependencies                                         :        2 samples, Peak.  7.58 ms (1.1x), Avg.  6.99 ms, Total. 13.99 ms (0.1%)
[Performance] AssemblyReloadEvents.afterAssemblyReload: UnityEditor.SceneTemplate.SceneTemplateService.AfterAssemblyReload   :        2 samples, Peak.  10.4 ms (1.9x), Avg.  5.53 ms, Total. 11.06 ms (0.1%)
[Performance] ProcessService.EditorAfterLoadAllAssemblies                                                                    :        2 samples, Peak.   700 us (1.1x), Avg.   622 us, Total. 1.245 ms (0.0%)
[Performance] Application.ReadLicenseInfo                                                                                    :        1 samples, Peak.  26.4 ms (1.0x), Avg.  26.4 ms, Total. 26.38 ms (0.1%)
[Performance] Application.InitialRefresh                                                                                     :        1 samples, Peak.  14.1 s (1.0x), Avg.  14.1 s, Total. 14.09 s (73.5%)
[Performance] Compiling Scripts                                                                                              :        1 samples, Peak.   957 ms (1.0x), Avg.   957 ms, Total. 956.9 ms (5.0%)
[Performance] AssemblyReloadEvents.beforeAssemblyReload: UnityEditor.SceneTemplate.SceneTemplateService.BeforeAssemblyReload :        1 samples, Peak.  1.03 ms (1.0x), Avg.  1.03 ms, Total. 1.032 ms (0.0%)
[Performance] InitializeOnLoad CoreStatsIntegration                                                                          :        1 samples, Peak.   835 us (1.0x), Avg.   835 us, Total. 834.8 us (0.0%)
[Performance] InitializeOnLoad BackgroundWatcher                                                                             :        1 samples, Peak.   330 us (1.0x), Avg.   330 us, Total. 329.9 us (0.0%)
[Performance] InitializeOnLoad UnityTestProtocolStarter                                                                      :        1 samples, Peak.  1.08 ms (1.0x), Avg.  1.08 ms, Total. 1.081 ms (0.0%)
[Performance] InitializeOnLoad TestStarter                                                                                   :        1 samples, Peak.  1.19 ms (1.0x), Avg.  1.19 ms, Total. 1.190 ms (0.0%)
[Performance] InitializeOnLoad RerunCallbackInitializer                                                                      :        1 samples, Peak.  14.0 ms (1.0x), Avg.  14.0 ms, Total. 14.02 ms (0.1%)
[Performance] InitializeOnLoad VisualStudioEditor                                                                            :        1 samples, Peak.  32.4 ms (1.0x), Avg.  32.4 ms, Total. 32.38 ms (0.2%)
[Performance] InitializeOnLoad TestRunnerApiListener                                                                         :        1 samples, Peak.   866 us (1.0x), Avg.   866 us, Total. 866.4 us (0.0%)
[Performance] InitializeOnLoad VisualStudioIntegration                                                                       :        1 samples, Peak.  5.16 ms (1.0x), Avg.  5.16 ms, Total. 5.158 ms (0.0%)
[Performance] InitializeOnLoad PrefabLayoutRebuilder                                                                         :        1 samples, Peak.  1.76 ms (1.0x), Avg.  1.76 ms, Total. 1.756 ms (0.0%)
[Performance] InitializeOnLoad AnalyticsImporter                                                                             :        1 samples, Peak.  3.64 ms (1.0x), Avg.  3.64 ms, Total. 3.636 ms (0.0%)
[Performance] InitializeOnLoad AnalyticsEventTrackerEditorCallbacks                                                          :        1 samples, Peak.   949 us (1.0x), Avg.   949 us, Total. 948.7 us (0.0%)
[Performance] InitializeOnLoad RiderScriptEditor                                                                             :        1 samples, Peak.  17.1 ms (1.0x), Avg.  17.1 ms, Total. 17.12 ms (0.1%)
[Performance] InitializeOnLoad CallbackInitializer                                                                           :        1 samples, Peak.  4.06 ms (1.0x), Avg.  4.06 ms, Total. 4.057 ms (0.0%)
[Performance] InitializeOnLoad SpriteEditorWindow                                                                            :        1 samples, Peak.  4.39 ms (1.0x), Avg.  4.39 ms, Total. 4.391 ms (0.0%)
[Performance] InitializeOnLoad PlasticPlugin                                                                                 :        1 samples, Peak.  1.93 s (1.0x), Avg.  1.93 s, Total. 1.935 s (10.1%)
[Performance] InitializeOnLoad ToolbarBootstrap                                                                              :        1 samples, Peak.   138 ms (1.0x), Avg.   138 ms, Total. 138.1 ms (0.7%)
[Performance] InitializeOnLoad PurchasingServiceAnalyticsSender                                                              :        1 samples, Peak.  1.54 ms (1.0x), Avg.  1.54 ms, Total. 1.536 ms (0.0%)
[Performance] InitializeOnLoad UnityPurchasingEditor                                                                         :        1 samples, Peak.  3.88 ms (1.0x), Avg.  3.88 ms, Total. 3.879 ms (0.0%)
[Performance] InitializeOnLoad PurchasingImporter                                                                            :        1 samples, Peak.   623 us (1.0x), Avg.   623 us, Total. 622.9 us (0.0%)
[Performance] InitializeOnLoad NavigationWindow                                                                              :        1 samples, Peak.  1.69 ms (1.0x), Avg.  1.69 ms, Total. 1.695 ms (0.0%)
[Performance] InitializeOnLoad VSCodeScriptEditor                                                                            :        1 samples, Peak.  6.20 ms (1.0x), Avg.  6.20 ms, Total. 6.195 ms (0.0%)
[Performance] InitializeOnLoad SceneViewGridManager.Initialize                                                               :        1 samples, Peak.  20.7 ms (1.0x), Avg.  20.7 ms, Total. 20.71 ms (0.1%)
[Performance] InitializeOnLoad TilemapPrefabStageHelper.Initialize                                                           :        1 samples, Peak.  6.18 ms (1.0x), Avg.  6.18 ms, Total. 6.184 ms (0.0%)
[Performance] InitializeOnLoad SceneViewOpenTilePaletteHelper.Initialize                                                     :        1 samples, Peak.  3.42 ms (1.0x), Avg.  3.42 ms, Total. 3.416 ms (0.0%)
[Performance] InitializeOnLoad TileDragAndDropManager.Initialize                                                             :        1 samples, Peak.  2.68 ms (1.0x), Avg.  2.68 ms, Total. 2.683 ms (0.0%)
[Performance] InitializeOnLoad ObfuscationMigration.MigrateObfuscations                                                      :        1 samples, Peak.  1.05 ms (1.0x), Avg.  1.05 ms, Total. 1.045 ms (0.0%)
[Performance] InitializeOnLoad UnityPurchasingEditor.MigrateBillingMode                                                      :        1 samples, Peak.  1.82 ms (1.0x), Avg.  1.82 ms, Total. 1.824 ms (0.0%)
[Performance] InitializeOnLoad UnityPurchasingEditor.CheckUdpUpmPackageInstalled                                             :        1 samples, Peak.  2.89 ms (1.0x), Avg.  2.89 ms, Total. 2.890 ms (0.0%)
[Performance] InitializeOnLoad ProductCatalogEditor.MigrateProductCatalog                                                    :        1 samples, Peak.   735 ms (1.0x), Avg.   735 ms, Total. 734.8 ms (3.8%)
[Performance] InitializeOnLoad EngineStateHelper.Init                                                                        :        1 samples, Peak.   517 us (1.0x), Avg.   517 us, Total. 517.3 us (0.0%)
[Performance] InitializeOnLoad ThreadHelper.Init                                                                             :        1 samples, Peak.   784 us (1.0x), Avg.   784 us, Total. 784.3 us (0.0%)
[Performance] InitializeOnLoad TestJobDataHolder.ResumeRunningJobs                                                           :        1 samples, Peak.  2.75 ms (1.0x), Avg.  2.75 ms, Total. 2.749 ms (0.0%)
[Performance] InitializeOnLoad AnalyticsReporter.RegisterCallbacks                                                           :        1 samples, Peak.   753 us (1.0x), Avg.   753 us, Total. 752.5 us (0.0%)
[Performance] InitializeOnLoad VisualStudioEditor.LegacyVisualStudioCodePackageDisabler                                      :        1 samples, Peak.  11.3 ms (1.0x), Avg.  11.3 ms, Total. 11.30 ms (0.1%)
[Performance] InitializeOnLoad UnityThreadUtils.CaptureUnityThreadInfo                                                       :        1 samples, Peak.   398 us (1.0x), Avg.   398 us, Total. 397.8 us (0.0%)
[Performance] InitializeOnLoad EditorGameServiceRegistry.RegisterAllServices                                                 :        1 samples, Peak.  37.0 ms (1.0x), Avg.  37.0 ms, Total. 37.00 ms (0.2%)
[Performance] InitializeOnLoad ServiceInstallationListener.RegisterToEvents                                                  :        1 samples, Peak.   878 us (1.0x), Avg.   878 us, Total. 877.9 us (0.0%)
[Performance] InitializeOnLoad ActionSchedulerCleaner.RegisterSchedulerCleaner                                               :        1 samples, Peak.  3.14 ms (1.0x), Avg.  3.14 ms, Total. 3.142 ms (0.0%)
[Performance] DidReloadScriptsTestRunnerWindow.CompilationCallback                                                           :        1 samples, Peak.  1.27 ms (1.0x), Avg.  1.27 ms, Total. 1.275 ms (0.0%)
[Performance] DidReloadScriptsTestListCache.ScriptReloaded                                                                   :        1 samples, Peak.  2.51 ms (1.0x), Avg.  2.51 ms, Total. 2.507 ms (0.0%)
[Performance] DidReloadScriptsAdvancedDropdownWindow.OnScriptReload                                                          :        1 samples, Peak.   519 us (1.0x), Avg.   519 us, Total. 519.2 us (0.0%)
[Performance] SyncVS.PostprocessSyncProject                                                                                  :        1 samples, Peak.   289 us (1.0x), Avg.   289 us, Total. 289.4 us (0.0%)
[Performance] Application.ImportPackagesAndSetTemplateWhenCreatingProject                                                    :        1 samples, Peak.  29.7 ms (1.0x), Avg.  29.7 ms, Total. 29.70 ms (0.2%)
[Performance] Application.SyncCurrentColorSpace                                                                              :        1 samples, Peak.   208 ms (1.0x), Avg.   208 ms, Total. 208.4 ms (1.1%)
[Performance] Application.OnUsbDevicesChanged                                                                                :        1 samples, Peak.  3.96 ms (1.0x), Avg.  3.96 ms, Total. 3.958 ms (0.0%)
[Performance] Application.AssetInstanceCacheUpdate                                                                           :        1 samples, Peak.   800 ns (1.0x), Avg.   800 ns, Total. 800.0 ns (0.0%)
[Performance] Application.UnityExtensions.Initialize                                                                         :        1 samples, Peak.  12.1 ms (1.0x), Avg.  12.1 ms, Total. 12.13 ms (0.1%)
[Performance] CodeEditorProjectSync.SyncEditorProject                                                                        :        1 samples, Peak.   627 us (1.0x), Avg.   627 us, Total. 626.9 us (0.0%)
[Performance] Application.ExecuteStartups                                                                                    :        1 samples, Peak.   149 ms (1.0x), Avg.   149 ms, Total. 149.2 ms (0.8%)
[Performance] Menu.RegisterMenuInterface                                                                                     :       26 samples, Peak.  3.90 us (9.7x), Avg.   400 ns, Total. 10.40 us (0.0%)
[Performance] Gizmo.RebuildRenderers                                                                                         :        1 samples, Peak.   147 ms (1.0x), Avg.   147 ms, Total. 147.3 ms (0.8%)
[Performance] Gizmo.AddGizmoRenderers                                                                                        :       88 samples, Peak.  4.49 ms (55.2x), Avg.  81.4 us, Total. 7.163 ms (0.0%)
[Performance] Application.editorInitializingProject                                                                          :        1 samples, Peak.   272 ms (1.0x), Avg.   272 ms, Total. 272.1 ms (1.4%)
[Performance] Application.InitializeMenu                                                                                     :        1 samples, Peak.   258 ms (1.0x), Avg.   258 ms, Total. 257.6 ms (1.3%)
[Performance] Menu.RebuildAll                                                                                                :        1 samples, Peak.   258 ms (1.0x), Avg.   258 ms, Total. 257.6 ms (1.3%)
[Performance] Menu.BuildRegisteredMenuInterfaces                                                                             :        1 samples, Peak.   250 ms (1.0x), Avg.   250 ms, Total. 249.9 ms (1.3%)
[Performance] Menu.FilterMenuItem                                                                                            :      623 samples, Peak.   108 ms (619.4x), Avg.   175 us, Total. 108.8 ms (0.6%)
[Performance] UpdateAllMenus                                                                                                 :        1 samples, Peak.  1.42 ms (1.0x), Avg.  1.42 ms, Total. 1.425 ms (0.0%)
[Performance] Menu.RebuildOSMainMenu                                                                                         :        1 samples, Peak.  5.83 ms (1.0x), Avg.  5.83 ms, Total. 5.826 ms (0.0%)
[Performance] EditorSceneManager.sceneClosing: UnityEditor.SceneVisibilityManager.EditorSceneManagerOnSceneClosing           :        1 samples, Peak.   227 us (1.0x), Avg.   227 us, Total. 227.3 us (0.0%)
[Performance] GUIView.RepaintAll.PlayerLoopController                                                                        :        1 samples, Peak.  2.20 us (1.0x), Avg.  2.20 us, Total. 2.200 us (0.0%)
[Performance] EditorSceneManager.newSceneCreated: UnityEditor.SceneTemplate.SceneTemplateService.OnNewSceneCreated           :        1 samples, Peak.   681 us (1.0x), Avg.   681 us, Total. 681.5 us (0.0%)
[Performance] EditorSceneManager.newSceneCreated: UnityEditor.SceneVisibilityManager.EditorSceneManagerOnNewSceneCreated     :        1 samples, Peak.   478 us (1.0x), Avg.   478 us, Total. 478.0 us (0.0%)
[Performance] EditorSceneManager.newSceneCreated: UnityEditor.SceneManagement.StageNavigationManager.OnNewSceneCreated       :        1 samples, Peak.   144 us (1.0x), Avg.   144 us, Total. 144.4 us (0.0%)
[Performance] Application.InvokeFinishedLoadingProject                                                                       :        1 samples, Peak.  16.8 ms (1.0x), Avg.  16.8 ms, Total. 16.77 ms (0.1%)
[Performance] ProcessService.OnProjectLoaded                                                                                 :        1 samples, Peak.   294 us (1.0x), Avg.   294 us, Total. 293.6 us (0.0%)
[Performance] VersionControl.Task.Wait                                                                                       :        1 samples, Peak.  18.0 us (1.0x), Avg.  18.0 us, Total. 18.00 us (0.0%)
[Performance] SceneDataContainer.TransformHierarchyChangedSetParentCallback                                                  :      195 samples, Peak.  28.5 us (18.4x), Avg.  1.55 us, Total. 302.1 us (0.0%)
[Performance] SceneVisibilityState.IsFlagSetInParents                                                                        :      615 samples, Peak.  5.70 us (12.0x), Avg.   473 ns, Total. 291.0 us (0.0%)
[Performance] EditorApplication.quitting: UnityEditor.Tilemaps.SceneViewGridManager.EditorQuitting                           :        1 samples, Peak.   221 us (1.0x), Avg.   221 us, Total. 221.1 us (0.0%)
[Performance] EditorApplication.quitting: callback in UnityEditor.TextCore.Text.EditorEventCallbacks                         :        1 samples, Peak.  21.0 ms (1.0x), Avg.  21.0 ms, Total. 21.02 ms (0.1%)
[Performance] Application.Shutdown.PauseProfilerSession                                                                      :        1 samples, Peak.  39.4 us (1.0x), Avg.  39.4 us, Total. 39.40 us (0.0%)
[Performance] Application.Shutdown.PauseAssetImportWorkers                                                                   :        1 samples, Peak.   753 us (1.0x), Avg.   753 us, Total. 753.0 us (0.0%)
[Performance] Application.Shutdown.SaveAssets                                                                                :        1 samples, Peak.  67.7 ms (1.0x), Avg.  67.7 ms, Total. 67.66 ms (0.4%)
[Performance] PaletteAssetModificationProcessor.OnWillSaveAssets                                                             :        1 samples, Peak.  4.76 ms (1.0x), Avg.  4.76 ms, Total. 4.763 ms (0.0%)
[Performance] AssetModificationProcessor.OnWillSaveAssets                                                                    :        1 samples, Peak.  1.28 ms (1.0x), Avg.  1.28 ms, Total. 1.280 ms (0.0%)
[Performance] UnityCloudProjectLinkMonitor.OnWillSaveAssets                                                                  :        1 samples, Peak.   924 us (1.0x), Avg.   924 us, Total. 924.2 us (0.0%)
[Performance] BuilderAssetModificationProcessor.OnWillSaveAssets                                                             :        1 samples, Peak.  1.11 ms (1.0x), Avg.  1.11 ms, Total. 1.106 ms (0.0%)
[Performance] TerrainModificationProcessor.OnWillSaveAssets                                                                  :        1 samples, Peak.  1.37 ms (1.0x), Avg.  1.37 ms, Total. 1.373 ms (0.0%)
[Performance] AssetDatabase.ImportAssets                                                                                     :        2 samples, Peak.  1.50 us (1.8x), Avg.   850 ns, Total. 1.700 us (0.0%)
[Performance] Application.Shutdown.CleanupRenderPipeline                                                                     :        1 samples, Peak.  12.9 us (1.0x), Avg.  12.9 us, Total. 12.90 us (0.0%)
[Performance] Application.Shutdown.StopPreloadManager                                                                        :        1 samples, Peak.  10.1 ms (1.0x), Avg.  10.1 ms, Total. 10.07 ms (0.1%)
[Performance] Application.Shutdown.DestroyWorld                                                                              :        1 samples, Peak.  2.71 ms (1.0x), Avg.  2.71 ms, Total. 2.709 ms (0.0%)
[Performance] Application.Shutdown.CleanupAfterLoad                                                                          :        1 samples, Peak.  11.3 ms (1.0x), Avg.  11.3 ms, Total. 11.33 ms (0.1%)
[Performance] Application.Shutdown.Progress                                                                                  :        1 samples, Peak.  7.20 us (1.0x), Avg.  7.20 us, Total. 7.200 us (0.0%)
[Performance] Application.Shutdown.GICleanupManagers                                                                         :        1 samples, Peak.  33.4 ms (1.0x), Avg.  33.4 ms, Total. 33.36 ms (0.2%)
[Performance] Application.Shutdown.MenuCleanupClass                                                                          :        1 samples, Peak.   166 us (1.0x), Avg.   166 us, Total. 165.6 us (0.0%)
[Performance] Application.Shutdown.ADBSaveStateBeforeShutdown                                                                :        1 samples, Peak.  12.9 us (1.0x), Avg.  12.9 us, Total. 12.90 us (0.0%)
[Performance] Application.Shutdown.RemoteShutdown                                                                            :        1 samples, Peak.  1.50 us (1.0x), Avg.  1.50 us, Total. 1.500 us (0.0%)
[Performance] Application.Shutdown.CleanupVCProvider                                                                         :        1 samples, Peak.  13.0 us (1.0x), Avg.  13.0 us, Total. 13.00 us (0.0%)
[Performance] Application.Shutdown.InputShutdown                                                                             :        1 samples, Peak.   600 ns (1.0x), Avg.   600 ns, Total. 600.0 ns (0.0%)
[Performance] Application.Shutdown.GizmoManagerDestroy                                                                       :        1 samples, Peak.  1.66 ms (1.0x), Avg.  1.66 ms, Total. 1.656 ms (0.0%)
[Performance] Application.Shutdown.ProfilerSession                                                                           :        1 samples, Peak.   470 us (1.0x), Avg.   470 us, Total. 470.2 us (0.0%)
[Performance] Application.Shutdown.ReleaseGfxWindowOnAllGUIViews                                                             :        1 samples, Peak.   600 ns (1.0x), Avg.   600 ns, Total. 600.0 ns (0.0%)
[Performance] Application.Shutdown.CleanupEngine                                                                             :        1 samples, Peak.   250 ms (1.0x), Avg.   250 ms, Total. 250.5 ms (1.3%)
[Performance] Application.Shutdown.CleanupAssetDatabase                                                                      :        1 samples, Peak.  13.8 ms (1.0x), Avg.  13.8 ms, Total. 13.82 ms (0.1%)
[Performance] Application.Shutdown.ScriptCompilationCleanUp                                                                  :        1 samples, Peak.  43.5 ms (1.0x), Avg.  43.5 ms, Total. 43.54 ms (0.2%)
[Performance] Application.Shutdown.DestroyJobSystem                                                                          :        1 samples, Peak.   133 us (1.0x), Avg.   133 us, Total. 132.9 us (0.0%)
[Performance] Application.Shutdown.CleanupPersistentManager                                                                  :        1 samples, Peak.  1.83 ms (1.0x), Avg.  1.83 ms, Total. 1.834 ms (0.0%)
[Performance] Application.Shutdown.CleanupAsyncReadManager                                                                   :        1 samples, Peak.   547 us (1.0x), Avg.   547 us, Total. 546.6 us (0.0%)
[Performance] Application.Shutdown.CleanupProgressBar                                                                        :        1 samples, Peak.   500 ns (1.0x), Avg.   500 ns, Total. 500.0 ns (0.0%)
[Performance] Application.Shutdown.CleanupMono                                                                               :        1 samples, Peak.   137 ms (1.0x), Avg.   137 ms, Total. 136.6 ms (0.7%)
[Performance] Application.Shutdown.CleanupStdConverters                                                                      :        1 samples, Peak.  14.0 us (1.0x), Avg.  14.0 us, Total. 14.00 us (0.0%)
[Performance] Application.Shutdown.UnloadAllPlatformSupportModuleNativeDlls                                                  :        1 samples, Peak.  1.00 us (1.0x), Avg.  1.00 us, Total. 1.000 us (0.0%)
[Performance] Application.Shutdown.UnloadAllPlatformSupportNativeLibraries                                                   :        1 samples, Peak.   100 ns (1.0x), Avg.   100 ns, Total. 100.0 ns (0.0%)
[Performance] Application.Shutdown.CleanupAutoDocumentation                                                                  :        1 samples, Peak.   562 us (1.0x), Avg.   562 us, Total. 561.7 us (0.0%)
[Performance] Application.Shutdown.ShaderNameManagerDestroy                                                                  :        1 samples, Peak.  94.5 us (1.0x), Avg.  94.5 us, Total. 94.50 us (0.0%)
[Performance] Application.Shutdown.CleanupCacheServer                                                                        :        1 samples, Peak.   600 ns (1.0x), Avg.   600 ns, Total. 600.0 ns (0.0%)
[Performance] Application.Shutdown.Virtualization_Shutdown                                                                   :        1 samples, Peak.   700 ns (1.0x), Avg.   700 ns, Total. 700.0 ns (0.0%)
[Performance] Application.Shutdown.DevConnections                                                                            :        1 samples, Peak.   190 us (1.0x), Avg.   190 us, Total. 190.2 us (0.0%)
Exiting batchmode successfully now!
Exiting without the bug reporter. Application will terminate with return code 0